// Jest Snapshot v1, https://goo.gl/fbAQLP

exports[`<Button /> should render 1`] = `
.emotion-0 {
  background-color: #3f51b5;
  color: white;
  border: none;
  border-radius: 5px;
  outline: none;
  cursor: pointer;
  box-shadow: 0 1px 6px 0 rgba(32,33,36,0.28);
}

.emotion-0:disabled {
  background-color: #E1E2E1;
  cursor: initial;
}

<Button
  type="submit"
>
  <Styled(button)
    type="submit"
  >
    <button
      className="emotion-0"
      type="submit"
    >
      Test
    </button>
  </Styled(button)>
</Button>
`;
